\BOOKMARK [1][-]{section.1}{\376\377\000M\000a\000t\000h}{}% 1
\BOOKMARK [2][-]{subsection.1.1}{\376\377\000F\000f\000t\000\040\000P\000a\000r\000a\000\040\000M\000a\000t\000c\000h\000i\000n\000g}{section.1}% 2
\BOOKMARK [2][-]{subsection.1.2}{\376\377\000S\000i\000e\000v\000e\000\040\000o\000f\000\040\000E\000r\000a\000t\000o\000s\000t\000h\000e\000n\000e\000s}{section.1}% 3
\BOOKMARK [2][-]{subsection.1.3}{\376\377\000E\000u\000l\000e\000r\000\040\000P\000h\000i}{section.1}% 4
\BOOKMARK [2][-]{subsection.1.4}{\376\377\000F\000f\000t}{section.1}% 5
\BOOKMARK [2][-]{subsection.1.5}{\376\377\000F\000f\000t\000\040\000P\000a\000r\000a\000\040\000C\000o\000m\000p\000a\000r\000a\000r\000\040\000R\000o\000t\000a\000c\000i\000o\000n\000e\000s}{section.1}% 6
\BOOKMARK [2][-]{subsection.1.6}{\376\377\000B\000i\000n\000a\000r\000y\000\040\000E\000x\000p\000o\000n\000e\000n\000t\000i\000a\000t\000i\000o\000n}{section.1}% 7
\BOOKMARK [2][-]{subsection.1.7}{\376\377\000C\000h\000i\000n\000e\000s\000e\000\040\000R\000e\000s\000t\000\040\000T\000h\000e\000o\000r\000e\000m}{section.1}% 8
\BOOKMARK [2][-]{subsection.1.8}{\376\377\000E\000x\000t\000e\000n\000d\000e\000d\000\040\000E\000u\000c\000l\000i\000d\000e\000s}{section.1}% 9
\BOOKMARK [2][-]{subsection.1.9}{\376\377\000F\000i\000b\000o\000n\000a\000c\000c\000i\000\040\000L\000o\000g\000\050\000n\000\051}{section.1}% 10
\BOOKMARK [2][-]{subsection.1.10}{\376\377\000L\000e\000a\000s\000t\000\040\000C\000o\000m\000m\000o\000n\000\040\000M\000u\000l\000t\000i\000p\000l\000e}{section.1}% 11
\BOOKMARK [2][-]{subsection.1.11}{\376\377\000M\000o\000d\000u\000l\000a\000r\000\040\000I\000n\000v\000e\000r\000s\000e}{section.1}% 12
\BOOKMARK [2][-]{subsection.1.12}{\376\377\000P\000o\000l\000l\000a\000r\000d\000\040\000R\000h\000o\000\040\000R\000a\000b\000i\000n\000\040\000M\000i\000l\000l\000e\000r}{section.1}% 13
\BOOKMARK [1][-]{section.2}{\376\377\000G\000e\000o\000m\000e\000t\000r\000y}{}% 14
\BOOKMARK [2][-]{subsection.2.1}{\376\377\000C\000a\000n\000o\000n\000i\000c\000a\000l\000\040\000L\000i\000n\000e\000\040\000a\000n\000d\000\040\000P\000e\000r\000p\000e\000n\000d\000i\000c\000u\000l\000a\000r\000\040\000L\000i\000n\000e}{section.2}% 15
\BOOKMARK [2][-]{subsection.2.2}{\376\377\000C\000o\000n\000v\000e\000x\000\040\000H\000u\000l\000l}{section.2}% 16
\BOOKMARK [2][-]{subsection.2.3}{\376\377\000L\000i\000n\000e\000\040\000S\000e\000g\000m\000e\000n\000t\000\040\000I\000n\000t\000e\000r\000s\000e\000c\000t\000i\000o\000n}{section.2}% 17
\BOOKMARK [2][-]{subsection.2.4}{\376\377\000P\000o\000i\000n\000t}{section.2}% 18
\BOOKMARK [2][-]{subsection.2.5}{\376\377\000P\000o\000i\000n\000t\000\040\000i\000n\000\040\000P\000o\000l\000y\000g\000o\000n}{section.2}% 19
\BOOKMARK [2][-]{subsection.2.6}{\376\377\000P\000o\000l\000y\000g\000o\000n\000\040\000C\000o\000n\000v\000e\000x\000\040\000A\000r\000e\000a}{section.2}% 20
\BOOKMARK [2][-]{subsection.2.7}{\376\377\000P\000o\000l\000y\000g\000o\000n\000\040\000L\000a\000t\000t\000i\000c\000e\000\040\000P\000o\000i\000n\000t\000s}{section.2}% 21
\BOOKMARK [2][-]{subsection.2.8}{\376\377\000C\000l\000o\000s\000e\000s\000t\000\040\000P\000a\000i\000r\000\040\000o\000f\000\040\000P\000o\000i\000n\000t\000s\000\040\000L\000i\000n\000e\000a\000l}{section.2}% 22
\BOOKMARK [2][-]{subsection.2.9}{\376\377\000C\000l\000o\000s\000e\000s\000t\000\040\000P\000a\000i\000r\000\040\000o\000f\000\040\000P\000o\000i\000n\000t\000s\000\040\000N\000l\000o\000g\000n}{section.2}% 23
\BOOKMARK [1][-]{section.3}{\376\377\000S\000t\000r\000i\000n\000g\000s}{}% 24
\BOOKMARK [2][-]{subsection.3.1}{\376\377\000K\000M\000P}{section.3}% 25
\BOOKMARK [2][-]{subsection.3.2}{\376\377\000Z\000\040\000F\000u\000n\000c\000t\000i\000o\000n}{section.3}% 26
\BOOKMARK [2][-]{subsection.3.3}{\376\377\000T\000r\000i\000e}{section.3}% 27
\BOOKMARK [2][-]{subsection.3.4}{\376\377\000S\000u\000f\000f\000i\000x\000\040\000A\000r\000r\000a\000y}{section.3}% 28
\BOOKMARK [2][-]{subsection.3.5}{\376\377\000A\000h\000o\000\040\000C\000o\000r\000a\000s\000i\000c\000k}{section.3}% 29
\BOOKMARK [2][-]{subsection.3.6}{\376\377\000B\000o\000o\000t\000h\000s\000\040\000A\000l\000g\000o\000r\000i\000t\000h\000m}{section.3}% 30
\BOOKMARK [2][-]{subsection.3.7}{\376\377\000H\000a\000s\000h\000i\000n\000g\000\040\0002\000D}{section.3}% 31
\BOOKMARK [2][-]{subsection.3.8}{\376\377\000H\000a\000s\000h\000i\000n\000g}{section.3}% 32
\BOOKMARK [2][-]{subsection.3.9}{\376\377\000M\000a\000n\000a\000c\000h\000e\000r}{section.3}% 33
\BOOKMARK [1][-]{section.4}{\376\377\000B\000i\000t\000\040\000M\000a\000n\000i\000p\000u\000l\000a\000t\000i\000o\000n}{}% 34
\BOOKMARK [2][-]{subsection.4.1}{\376\377\000B\000i\000n\000a\000r\000y\000\040\000R\000e\000p\000r\000e\000s\000e\000n\000t\000a\000t\000i\000o\000n}{section.4}% 35
\BOOKMARK [2][-]{subsection.4.2}{\376\377\000B\000i\000t\000\040\000M\000a\000s\000k}{section.4}% 36
\BOOKMARK [2][-]{subsection.4.3}{\376\377\000B\000i\000t\000s\000\040\000P\000r\000e\000n\000d\000i\000d\000o\000s\000\040\000E\000n\000\040\000U\000n\000\040\000N\000u\000m\000e\000r\000o\000\040\000X\000\040\000E\000n\000\040\000U\000n\000a\000\040\000P\000o\000s\000i\000c\000i\000o\000n\000\040\000P\000o\000s}{section.4}% 37
\BOOKMARK [2][-]{subsection.4.4}{\376\377\000T\000u\000r\000n\000\040\000O\000f\000f\000\040\000a\000\040\000B\000i\000t\000\040\000a\000t\000\040\000P\000o\000s\000i\000t\000i\000o\000n\000\040\000X}{section.4}% 38
\BOOKMARK [2][-]{subsection.4.5}{\376\377\000X\000o\000r\000\040\000B\000a\000s\000i\000s}{section.4}% 39
\BOOKMARK [1][-]{section.5}{\376\377\000D\000a\000t\000a\000\040\000S\000t\000r\000u\000c\000t\000u\000r\000e\000s}{}% 40
\BOOKMARK [2][-]{subsection.5.1}{\376\377\000S\000e\000g\000m\000e\000n\000t\000\040\000T\000r\000e\000e}{section.5}% 41
\BOOKMARK [2][-]{subsection.5.2}{\376\377\000S\000e\000g\000m\000e\000n\000t\000\040\000T\000r\000e\000e\000\040\000I\000t\000e\000r\000a\000t\000i\000v\000o}{section.5}% 42
\BOOKMARK [2][-]{subsection.5.3}{\376\377\000S\000e\000g\000m\000e\000n\000t\000\040\000T\000r\000e\000e\000\040\000L\000a\000z\000y\000\040\000P\000r\000o\000p\000a\000g\000a\000t\000i\000o\000n}{section.5}% 43
\BOOKMARK [2][-]{subsection.5.4}{\376\377\000B\000i\000t\000\040\0001\000D}{section.5}% 44
\BOOKMARK [2][-]{subsection.5.5}{\376\377\000B\000i\000t\000\040\0002\000D}{section.5}% 45
\BOOKMARK [2][-]{subsection.5.6}{\376\377\000B\000i\000t\000\040\0002\000D\000\040\000I\000n\000f\000i\000n\000i\000t\000e\000\040\000P\000l\000a\000n\000e}{section.5}% 46
\BOOKMARK [2][-]{subsection.5.7}{\376\377\000B\000i\000t\000\040\0003\000D}{section.5}% 47
\BOOKMARK [2][-]{subsection.5.8}{\376\377\000D\000S\000U\000\040\000D\000y\000n\000a\000m\000i\000c\000\040\000R\000e\000p\000r\000e\000s\000e\000n\000t\000a\000t\000i\000v\000e}{section.5}% 48
\BOOKMARK [2][-]{subsection.5.9}{\376\377\000D\000i\000s\000j\000o\000i\000n\000t\000\040\000S\000e\000t\000\040\000U\000n\000i\000o\000n}{section.5}% 49
\BOOKMARK [2][-]{subsection.5.10}{\376\377\000D\000y\000n\000a\000m\000i\000c\000\040\000C\000o\000n\000n\000e\000c\000t\000i\000v\000i\000t\000y\000\040\000O\000f\000f\000l\000i\000n\000e}{section.5}% 50
\BOOKMARK [2][-]{subsection.5.11}{\376\377\000I\000m\000p\000l\000i\000c\000i\000t\000\040\000T\000r\000e\000a\000p}{section.5}% 51
\BOOKMARK [2][-]{subsection.5.12}{\376\377\000O\000r\000d\000e\000r\000e\000d\000\040\000S\000e\000t}{section.5}% 52
\BOOKMARK [2][-]{subsection.5.13}{\376\377\000R\000a\000n\000g\000e\000\040\000B\000i\000t}{section.5}% 53
\BOOKMARK [2][-]{subsection.5.14}{\376\377\000S\000p\000a\000r\000s\000e\000\040\000T\000a\000b\000l\000e}{section.5}% 54
\BOOKMARK [2][-]{subsection.5.15}{\376\377\000T\000r\000e\000a\000p}{section.5}% 55
\BOOKMARK [1][-]{section.6}{\376\377\000D\000y\000n\000a\000m\000i\000c\000\040\000P\000r\000o\000g\000r\000a\000m\000i\000n\000g}{}% 56
\BOOKMARK [2][-]{subsection.6.1}{\376\377\000B\000o\000u\000n\000d\000e\000d\000\040\000K\000n\000a\000p\000s\000a\000c\000k}{section.6}% 57
\BOOKMARK [2][-]{subsection.6.2}{\376\377\000K\000a\000d\000a\000n\000e\000\040\0002\000D}{section.6}% 58
\BOOKMARK [2][-]{subsection.6.3}{\376\377\000K\000a\000d\000a\000n\000e\000\040\0003\000D}{section.6}% 59
\BOOKMARK [2][-]{subsection.6.4}{\376\377\000L\000o\000n\000g\000e\000s\000t\000\040\000I\000n\000c\000r\000e\000a\000s\000i\000n\000g\000\040\000S\000u\000b\000s\000e\000q\000u\000e\000n\000c\000e}{section.6}% 60
\BOOKMARK [2][-]{subsection.6.5}{\376\377\000S\000O\000S\000\040\000D\000P}{section.6}% 61
\BOOKMARK [2][-]{subsection.6.6}{\376\377\000F\000a\000s\000t\000f\000i\000b\000o}{section.6}% 62
\BOOKMARK [1][-]{section.7}{\376\377\000F\000l\000o\000w}{}% 63
\BOOKMARK [2][-]{subsection.7.1}{\376\377\000D\000i\000n\000i\000c}{section.7}% 64
\BOOKMARK [1][-]{section.8}{\376\377\000G\000r\000a\000p\000h\000\040\000A\000l\000g\000o\000r\000i\000t\000h\000m\000s}{}% 65
\BOOKMARK [2][-]{subsection.8.1}{\376\377\000D\000i\000j\000k\000s\000t\000r\000a}{section.8}% 66
\BOOKMARK [2][-]{subsection.8.2}{\376\377\000K\000r\000u\000s\000k\000a\000l\000\040\000M\000S\000T}{section.8}% 67
\BOOKMARK [2][-]{subsection.8.3}{\376\377\000T\000o\000p\000o\000l\000o\000g\000i\000c\000a\000l\000\040\000S\000o\000r\000t\000\040\000K\000a\000h\000n\000\040\000A\000l\000g\000o\000r\000i\000t\000h\000m}{section.8}% 68
\BOOKMARK [2][-]{subsection.8.4}{\376\377\000K\000o\000s\000a\000r\000a\000j\000u}{section.8}% 69
\BOOKMARK [2][-]{subsection.8.5}{\376\377\000B\000r\000i\000d\000g\000e\000s}{section.8}% 70
\BOOKMARK [2][-]{subsection.8.6}{\376\377\000K\000u\000h\000n}{section.8}% 71
\BOOKMARK [2][-]{subsection.8.7}{\376\377\0002\000S\000A\000T}{section.8}% 72
\BOOKMARK [1][-]{section.9}{\376\377\000T\000r\000e\000e\000\040\000A\000l\000g\000o\000r\000i\000t\000h\000m\000s}{}% 73
\BOOKMARK [2][-]{subsection.9.1}{\376\377\000E\000u\000l\000e\000r\000\040\000T\000o\000u\000r}{section.9}% 74
\BOOKMARK [2][-]{subsection.9.2}{\376\377\000B\000i\000n\000a\000r\000y\000\040\000L\000i\000f\000t\000i\000n\000g}{section.9}% 75
\BOOKMARK [2][-]{subsection.9.3}{\376\377\000C\000e\000n\000t\000r\000o\000i\000d\000\040\000D\000e\000c\000o\000m\000p\000o\000s\000i\000t\000i\000o\000n}{section.9}% 76
\BOOKMARK [2][-]{subsection.9.4}{\376\377\000H\000L\000D}{section.9}% 77
\BOOKMARK [2][-]{subsection.9.5}{\376\377\000L\000o\000w\000e\000s\000t\000\040\000C\000o\000m\000m\000o\000n\000\040\000A\000n\000c\000e\000s\000t\000o\000r}{section.9}% 78
\BOOKMARK [1][-]{section.10}{\376\377\000U\000t\000i\000l\000i\000t\000i\000e\000s}{}% 79
\BOOKMARK [2][-]{subsection.10.1}{\376\377\000P\000r\000i\000m\000e\000\040\000N\000u\000m\000b\000e\000r\000s}{section.10}% 80
\BOOKMARK [2][-]{subsection.10.2}{\376\377\000A\000S\000C\000I\000I\000\040\000T\000A\000B\000L\000E}{section.10}% 81
\BOOKMARK [2][-]{subsection.10.3}{\376\377\000I\000n\000t\0001\0002\0008}{section.10}% 82
\BOOKMARK [2][-]{subsection.10.4}{\376\377\000M\000e\000r\000g\000e\000\040\000S\000o\000r\000t}{section.10}% 83
\BOOKMARK [2][-]{subsection.10.5}{\376\377\000P\000r\000e\000f\000f\000i\000x\000\040\000S\000u\000m\000\040\0002\000D}{section.10}% 84
\BOOKMARK [2][-]{subsection.10.6}{\376\377\000P\000r\000i\000o\000r\000i\000t\000y\000\040\000Q\000u\000e\000u\000e\000\040\000M\000i\000n\000\040\000H\000e\000a\000p}{section.10}% 85
\BOOKMARK [2][-]{subsection.10.7}{\376\377\000R\000a\000n\000d\000o\000m}{section.10}% 86
\BOOKMARK [2][-]{subsection.10.8}{\376\377\000P\000l\000a\000n\000t\000i\000l\000l\000a\000\040\000P\000y\000t\000h\000o\000n}{section.10}% 87
\BOOKMARK [2][-]{subsection.10.9}{\376\377\000P\000r\000a\000g\000m\000a}{section.10}% 88
